// Jest Snapshot v1, https://goo.gl/fbAQLP

exports[`renders correctly 1`] = `
<div>
  <div>
    <h2>
      Welcome Player
    </h2>
  </div>
  <div>
    <h4>
      Description
    </h4>
    <p>
      Lorem ipsum dolor sit amet consectetur adipisicing elit. Voluptatibus dolorem, quae natus suscipit esse id provident, doloremque neque totam at error repellat quasi molestiae magnam consectetur tempore, iste delectus! Rem quae omnis corporis, minima voluptates magnam, velit cumque molestias temporibus id perspiciatis praesentium necessitatibus nam quo saepe accusantium deleniti. Ullam repellat dicta veritatis dolores tempora adipisci quia, aperiam cum rerum architecto totam quisquam iusto consectetur debitis repudiandae, amet tenetur sequi? Asperiores temporibus porro perferendis tempora fugit beatae iusto? Ex, sint!
    </p>
  </div>
</div>
`;
