// Jest Snapshot v1, https://goo.gl/fbAQLP

exports[`renders correctly 1`] = `
Array [
  <header
    className="profile-header"
  >
    <img
      alt="avatar"
      src="programmer.png"
    />
    <div
      className="info"
    >
      <h3>
        Name:
        <span>
           User1
        </span>
      </h3>
      <h3>
        E-mail:
        <span>
           user@mail.com
        </span>
      </h3>
    </div>
  </header>,
  <div
    className="best-scores"
  >
    <h3>
      Best scores
    </h3>
    <table>
      <thead>
        <tr>
          <th>
            Categories
          </th>
          <th>
            Score
          </th>
        </tr>
      </thead>
      <tbody>
        <tr>
          <td>
            HTML
          </td>
          <td>
            124322
          </td>
        </tr>
        <tr>
          <td>
            CSS
          </td>
          <td>
            124452
          </td>
        </tr>
        <tr>
          <td>
            JavaScript
          </td>
          <td>
            1243362
          </td>
        </tr>
      </tbody>
    </table>
  </div>,
  <div
    className="trophies"
  >
    <h3>
      Trophies
    </h3>
    <h4>
      bone-marrow
    </h4>
    <h4>
      make-up artist
    </h4>
    <h4>
      conditional-Trainer
    </h4>
  </div>,
]
`;
